2026-07-26T14:46:21.5190141Z ##[endgroup]
2026-07-26T14:46:21.5191702Z ##[group]Disabling automatic garbage collection
2026-07-26T14:46:21.5195079Z [command]/usr/bin/git config --local gc.auto 0
2026-07-26T14:46:21.5238438Z ##[endgroup]
2026-07-26T14:46:21.5239683Z ##[group]Setting up auth
2026-07-26T14:46:21.5248947Z [command]/usr/bin/git config --local --name-only --get-regexp core\.sshCommand
2026-07-26T14:46:21.5292039Z [command]/usr/bin/git submodule foreach --recursive sh -c "git config --local --name-only --get-regexp 'core\.sshCommand' && git config --local --unset-all 'core.sshCommand' || :"
2026-07-26T14:46:21.5678800Z [command]/usr/bin/git config --local --name-only --get-regexp http\.https\:\/\/github\.com\/\.extraheader
2026-07-26T14:46:21.5719432Z [command]/usr/bin/git submodule foreach --recursive sh -c "git config --local --name-only --get-regexp 'http\.https\:\/\/github\.com\/\.extraheader' && git config --local --unset-all 'http.https://github.com/.extraheader' || :"
2026-07-26T14:46:21.5948284Z [command]/usr/bin/git config --local --name-only --get-regexp ^includeIf\.gitdir:
2026-07-26T14:46:21.5987130Z [command]/usr/bin/git submodule foreach --recursive git config --local --show-origin --name-only --get-regexp remote.origin.url
2026-07-26T14:46:21.6219229Z [command]/usr/bin/git config --local http.https://github.com/.extraheader AUTHORIZATION: basic ***
2026-07-26T14:46:21.6258761Z ##[endgroup]
2026-07-26T14:46:21.6259562Z ##[group]Fetching the repository
2026-07-26T14:46:21.6268810Z [command]/usr/bin/git -c protocol.version=2 fetch --prune --no-recurse-submodules origin +refs/heads/*:refs/remotes/origin/* +refs/tags/*:refs/tags/*
2026-07-26T14:46:22.1689633Z From https://github.com/mrplaymeon-png/mrplaymeon-png.github.io
2026-07-26T14:46:22.1692634Z  * [new branch]      main       -> origin/main
2026-07-26T14:46:22.1729250Z [command]/usr/bin/git branch --list --remote origin/main
2026-07-26T14:46:22.1817568Z   origin/main
2026-07-26T14:46:22.1828832Z [command]/usr/bin/git rev-parse refs/remotes/origin/main
2026-07-26T14:46:22.1854732Z 8466f2f8a833103cd43297eab0826dd8e5431085
2026-07-26T14:46:22.1862544Z ##[endgroup]
2026-07-26T14:46:22.1864486Z ##[group]Determining the checkout info
2026-07-26T14:46:22.1866867Z ##[endgroup]
2026-07-26T14:46:22.1868610Z [command]/usr/bin/git sparse-checkout disable
2026-07-26T14:46:22.1919043Z [command]/usr/bin/git config --local --unset-all extensions.worktreeConfig
2026-07-26T14:46:22.1952307Z ##[group]Checking out the ref
2026-07-26T14:46:22.1955694Z [command]/usr/bin/git checkout --progress --force -B main refs/remotes/origin/main
2026-07-26T14:46:22.2052732Z Switched to a new branch 'main'
2026-07-26T14:46:22.2055009Z branch 'main' set up to track 'origin/main'.
2026-07-26T14:46:22.2063156Z ##[endgroup]
2026-07-26T14:46:22.2104671Z [command]/usr/bin/git log -1 --format=%H
2026-07-26T14:46:22.2133813Z 8466f2f8a833103cd43297eab0826dd8e5431085
2026-07-26T14:46:22.2506721Z Node 20 is being deprecated. This workflow is running with Node 24 by default. If you need to temporarily use Node 20, you can set the ACTIONS_ALLOW_USE_UNSECURE_NODE_VERSION=true environment variable. For more information see: https://github.blog/changelog/2025-09-19-deprecation-of-node-20-on-github-actions-runners/
2026-07-26T14:46:22.2512480Z ##[group]Run actions/setup-node@v4
2026-07-26T14:46:22.2513550Z with:
2026-07-26T14:46:22.2514319Z   node-version: 20
2026-07-26T14:46:22.2515195Z   always-auth: false
2026-07-26T14:46:22.2516331Z   check-latest: false
2026-07-26T14:46:22.2525921Z   token: ***
2026-07-26T14:46:22.2526735Z env:
2026-07-26T14:46:22.2527701Z   PUBLIC_URL: https://mrplaymeon-png.github.io/v7/
2026-07-26T14:46:22.2529020Z ##[endgroup]
2026-07-26T14:46:22.4109046Z Attempting to download 20...
2026-07-26T14:46:22.4218034Z (node:2231) [DEP0040] DeprecationWarning: The `punycode` module is deprecated. Please use a userland alternative instead.
2026-07-26T14:46:22.4309635Z (Use `node --trace-deprecation ...` to show where the warning was created)
2026-07-26T14:46:23.1694778Z Acquiring 20.20.2 - x64 from https://github.com/actions/node-versions/releases/download/20.20.2-23521894959/node-20.20.2-linux-x64.tar.gz
2026-07-26T14:46:23.6154474Z Extracting ...
2026-07-26T14:46:23.6287762Z [command]/usr/bin/tar xz --strip 1 --warning=no-unknown-keyword --overwrite -C /home/runner/work/_temp/fccbc6f4-fccd-4563-abbb-f97ebe5eeaa3 -f /home/runner/work/_temp/158ebcfe-c08f-4c4e-b277-ee722029b873
2026-07-26T14:46:24.6617633Z Adding to the cache ...
2026-07-26T14:46:26.5589266Z ##[group]Environment details
2026-07-26T14:46:27.0067172Z node: v20.20.2
2026-07-26T14:46:27.0068140Z npm: 10.8.2
2026-07-26T14:46:27.0068787Z yarn: 1.22.22
2026-07-26T14:46:27.0117201Z ##[endgroup]
2026-07-26T14:46:27.0304353Z ##[group]Run node tools/build-v7-real-images.mjs
2026-07-26T14:46:27.0304834Z [36;1mnode tools/build-v7-real-images.mjs[0m
2026-07-26T14:46:27.0355734Z shell: /usr/bin/bash -e {0}
2026-07-26T14:46:27.0356307Z env:
2026-07-26T14:46:27.0356616Z   PUBLIC_URL: https://mrplaymeon-png.github.io/v7/
2026-07-26T14:46:27.0357012Z ##[endgroup]
2026-07-26T14:46:27.0926194Z Suche 196 echte Lernfotos bei Wikimedia Commons …
2026-07-26T14:46:27.7422431Z 2/196 visual: algae-bloom -> Algal bloom in the Lake Valencia - Venezuela.jpg
2026-07-26T14:46:27.7502413Z 1/196 visual: access-right -> Kakadu (AU), Kakadu National Park, Cahills Crossing -- 2019 -- 4153.jpg
2026-07-26T14:46:27.7518141Z 3/196 visual: amphibian -> European Common Frog Rana temporaria.jpg
2026-07-26T14:46:28.1145774Z 4/196 visual: animal-welfare -> FMIB 38921 Water Front of Fulton Fish Market The Wholesale Fresh-Fish Center of New York City.jpeg [Fallback]
2026-07-26T14:46:28.3333998Z 7/196 visual: barbels -> Nile Crocodile (3453104567).jpg
2026-07-26T14:46:28.6324408Z 5/196 visual: aquatic-plants -> Aquatic plants of Illinois; an illustrated manual including species submersed, floating, and some of shallow water and muddy shores (1966) (19560864269).jpg
2026-07-26T14:46:28.7524554Z 6/196 visual: authority-levels -> Landtag Düsseldorf Winter.jpg
2026-07-26T14:46:28.8617059Z 8/196 visual: birds -> Florida and the game water-birds of the Atlantic coast and the lakes of the United States - with a full account of the sporting along our sea-shores and inland waters, and remarks on breech-loaders (14775380473).jpg
2026-07-26T14:46:29.2221723Z 9/196 visual: bitterling-mussel -> FMIB 38921 Water Front of Fulton Fish Market The Wholesale Fresh-Fish Center of New York City.jpeg [Fallback]
2026-07-26T14:46:29.3553335Z 12/196 visual: carp-louse -> Argulus foliaceus (fish lice).jpg
2026-07-26T14:46:29.5048675Z 10/196 visual: body-shapes -> FMIB 38921 Water Front of Fulton Fish Market The Wholesale Fresh-Fish Center of New York City.jpeg [Fallback]
2026-07-26T14:46:30.3286505Z 15/196 visual: deep-hook -> FMIB 38921 Water Front of Fulton Fish Market The Wholesale Fresh-Fish Center of New York City.jpeg [Fallback]
2026-07-26T14:46:30.3340262Z 11/196 visual: burbot -> FMIB 41332 Yukon River 'Losh' (Lota maculosa).jpeg
2026-07-26T14:46:36.6755654Z 13/196 visual: closed-season -> FMIB 38921 Water Front of Fulton Fish Market The Wholesale Fresh-Fish Center of New York City.jpeg [Fallback]
2026-07-26T14:46:36.7384797Z 14/196 visual: cyprinid -> FMIB 38921 Water Front of Fulton Fish Market The Wholesale Fresh-Fish Center of New York City.jpeg [Fallback]
2026-07-26T14:46:37.7323908Z 16/196 visual: disease -> FMIB 38921 Water Front of Fulton Fish Market The Wholesale Fresh-Fish Center of New York City.jpeg [Fallback]
2026-07-26T14:46:37.8676272Z 19/196 visual: drain-water -> FMIB 38921 Water Front of Fulton Fish Market The Wholesale Fresh-Fish Center of New York City.jpeg [Fallback]
2026-07-26T14:46:38.0017836Z 17/196 visual: documents -> FMIB 38921 Water Front of Fulton Fish Market The Wholesale Fresh-Fish Center of New York City.jpeg [Fallback]
2026-07-26T14:46:38.8231530Z 22/196 visual: egg-ribbon -> FMIB 38921 Water Front of Fulton Fish Market The Wholesale Fresh-Fish Center of New York City.jpeg [Fallback]
2026-07-26T14:46:43.9843487Z 18/196 visual: drag -> FMIB 38921 Water Front of Fulton Fish Market The Wholesale Fresh-Fish Center of New York City.jpeg [Fallback]
2026-07-26T14:46:45.3666266Z 20/196 visual: ectotherm -> FMIB 38921 Water Front of Fulton Fish Market The Wholesale Fresh-Fish Center of New York City.jpeg [Fallback]
2026-07-26T14:46:45.5897320Z 21/196 visual: eel -> FMIB 38921 Water Front of Fulton Fish Market The Wholesale Fresh-Fish Center of New York City.jpeg [Fallback]
2026-07-26T14:46:46.2191950Z 25/196 visual: escape-distance -> FMIB 38921 Water Front of Fulton Fish Market The Wholesale Fresh-Fish Center of New York City.jpeg [Fallback]
2026-07-26T14:46:46.3411249Z 23/196 visual: egg-temperature -> FMIB 38921 Water Front of Fulton Fish Market The Wholesale Fresh-Fish Center of New York City.jpeg [Fallback]
2026-07-26T14:46:46.9371045Z 27/196 visual: exam-doc -> FMIB 38921 Water Front of Fulton Fish Market The Wholesale Fresh-Fish Center of New York City.jpeg [Fallback]
2026-07-26T14:46:47.7680630Z 29/196 visual: fish-drill -> FMIB 38921 Water Front of Fulton Fish Market The Wholesale Fresh-Fish Center of New York City.jpeg [Fallback]
2026-07-26T14:46:51.4619422Z 24/196 visual: electric-fishing -> FMIB 38921 Water Front of Fulton Fish Market The Wholesale Fresh-Fish Center of New York City.jpeg [Fallback]
2026-07-26T14:46:52.9942492Z 26/196 visual: eutrophic -> FMIB 38921 Water Front of Fulton Fish Market The Wholesale Fresh-Fish Center of New York City.jpeg [Fallback]
2026-07-26T14:46:53.8579461Z 28/196 visual: fins -> FMIB 38921 Water Front of Fulton Fish Market The Wholesale Fresh-Fish Center of New York City.jpeg [Fallback]
2026-07-26T14:46:55.5402188Z 30/196 visual: fish-family -> FMIB 38921 Water Front of Fulton Fish Market The Wholesale Fresh-Fish Center of New York City.jpeg [Fallback]
2026-07-26T14:46:58.8007906Z 31/196 visual: fish-vision -> FMIB 38921 Water Front of Fulton Fish Market The Wholesale Fresh-Fish Center of New York City.jpeg [Fallback]
2026-07-26T14:46:59.6559341Z 35/196 visual: fly-hook -> FMIB 38921 Water Front of Fulton Fish Market The Wholesale Fresh-Fish Center of New York City.jpeg [Fallback]
2026-07-26T14:47:00.9442325Z 32/196 visual: fisheries-coop -> FMIB 38921 Water Front of Fulton Fish Market The Wholesale Fresh-Fish Center of New York City.jpeg [Fallback]
2026-07-26T14:47:01.4397555Z 33/196 visual: fisheries-fund -> FMIB 38921 Water Front of Fulton Fish Market The Wholesale Fresh-Fish Center of New York City.jpeg [Fallback]
2026-07-26T14:47:02.2410016Z 38/196 visual: food-chain -> FMIB 38921 Water Front of Fulton Fish Market The Wholesale Fresh-Fish Center of New York City.jpeg [Fallback]
2026-07-26T14:47:03.1083359Z 34/196 visual: flooded-land -> FMIB 38921 Water Front of Fulton Fish Market The Wholesale Fresh-Fish Center of New York City.jpeg [Fallback]
2026-07-26T14:47:07.1808480Z 36/196 visual: fly-reel -> FMIB 38921 Water Front of Fulton Fish Market The Wholesale Fresh-Fish Center of New York City.jpeg [Fallback]
2026-07-26T14:47:08.2432050Z 37/196 visual: fly-wet -> FMIB 38921 Water Front of Fulton Fish Market The Wholesale Fresh-Fish Center of New York City.jpeg [Fallback]
2026-07-26T14:47:09.6592124Z 39/196 visual: gag-tool -> FMIB 38921 Water Front of Fulton Fish Market The Wholesale Fresh-Fish Center of New York City.jpeg [Fallback]
2026-07-26T14:47:10.8742412Z 40/196 visual: gills -> FMIB 38921 Water Front of Fulton Fish Market The Wholesale Fresh-Fish Center of New York City.jpeg [Fallback]
2026-07-26T14:47:14.7783040Z 41/196 visual: gravel-pit -> FMIB 38921 Water Front of Fulton Fish Market The Wholesale Fresh-Fish Center of New York City.jpeg [Fallback]
2026-07-26T14:47:15.7551978Z 42/196 visual: gravel-spawn -> FMIB 38921 Water Front of Fulton Fish Market The Wholesale Fresh-Fish Center of New York City.jpeg [Fallback]
2026-07-26T14:47:17.2993504Z 43/196 visual: growth -> FMIB 38921 Water Front of Fulton Fish Market The Wholesale Fresh-Fish Center of New York City.jpeg [Fallback]
2026-07-26T14:47:18.4479192Z 44/196 visual: hearing -> FMIB 38921 Water Front of Fulton Fish Market The Wholesale Fresh-Fish Center of New York City.jpeg [Fallback]
2026-07-26T14:47:19.5568884Z 48/196 visual: humane-sequence -> FMIB 38921 Water Front of Fulton Fish Market The Wholesale Fresh-Fish Center of New York City.jpeg [Fallback]
2026-07-26T14:47:20.4719153Z 49/196 visual: humane-tools -> FMIB 38921 Water Front of Fulton Fish Market The Wholesale Fresh-Fish Center of New York City.jpeg [Fallback]
2026-07-26T14:47:22.2896103Z 45/196 visual: heart -> FMIB 38921 Water Front of Fulton Fish Market The Wholesale Fresh-Fish Center of New York City.jpeg [Fallback]
2026-07-26T14:47:23.4091049Z 46/196 visual: hege -> FMIB 38921 Water Front of Fulton Fish Market The Wholesale Fresh-Fish Center of New York City.jpeg [Fallback]
2026-07-26T14:47:24.6369147Z 47/196 visual: hooks -> FMIB 38921 Water Front of Fulton Fish Market The Wholesale Fresh-Fish Center of New York City.jpeg [Fallback]
2026-07-26T14:47:25.4676794Z 53/196 visual: lake-layers -> FMIB 38921 Water Front of Fulton Fish Market The Wholesale Fresh-Fish Center of New York City.jpeg [Fallback]
2026-07-26T14:47:27.9574842Z 50/196 visual: ice-oxygen -> FMIB 38921 Water Front of Fulton Fish Market The Wholesale Fresh-Fish Center of New York City.jpeg [Fallback]
2026-07-26T14:47:30.0368743Z 51/196 visual: kingfisher -> FMIB 38921 Water Front of Fulton Fish Market The Wholesale Fresh-Fish Center of New York City.jpeg [Fallback]
2026-07-26T14:47:30.9989346Z 52/196 visual: knot-strength -> FMIB 38921 Water Front of Fulton Fish Market The Wholesale Fresh-Fish Center of New York City.jpeg [Fallback]
2026-07-26T14:47:33.1464500Z 54/196 visual: lamprey -> FMIB 38921 Water Front of Fulton Fish Market The Wholesale Fresh-Fish Center of New York City.jpeg [Fallback]
2026-07-26T14:47:35.4959735Z 55/196 visual: lateral-line -> FMIB 38921 Water Front of Fulton Fish Market The Wholesale Fresh-Fish Center of New York City.jpeg [Fallback]
2026-07-26T14:47:37.5617666Z 56/196 visual: lift-net -> FMIB 38921 Water Front of Fulton Fish Market The Wholesale Fresh-Fish Center of New York City.jpeg [Fallback]
2026-07-26T14:47:38.5307464Z 57/196 visual: light-depth -> FMIB 38921 Water Front of Fulton Fish Market The Wholesale Fresh-Fish Center of New York City.jpeg [Fallback]
2026-07-26T14:47:40.7860918Z 58/196 visual: line-check -> FMIB 38921 Water Front of Fulton Fish Market The Wholesale Fresh-Fish Center of New York City.jpeg [Fallback]
2026-07-26T14:47:43.1091296Z 59/196 visual: line-strength -> FMIB 38921 Water Front of Fulton Fish Market The Wholesale Fresh-Fish Center of New York City.jpeg [Fallback]
2026-07-26T14:47:45.1175026Z 60/196 visual: line-twist -> FMIB 38921 Water Front of Fulton Fish Market The Wholesale Fresh-Fish Center of New York City.jpeg [Fallback]
2026-07-26T14:47:45.9755198Z 61/196 visual: live-bait -> FMIB 38921 Water Front of Fulton Fish Market The Wholesale Fresh-Fish Center of New York City.jpeg [Fallback]
2026-07-26T14:47:46.8379043Z 65/196 visual: measure-fish -> FMIB 38921 Water Front of Fulton Fish Market The Wholesale Fresh-Fish Center of New York City.jpeg [Fallback]
2026-07-26T14:47:48.3813203Z 62/196 visual: loaches -> FMIB 38921 Water Front of Fulton Fish Market The Wholesale Fresh-Fish Center of New York City.jpeg [Fallback]
2026-07-26T14:47:49.1511142Z 67/196 visual: mucus -> FMIB 38921 Water Front of Fulton Fish Market The Wholesale Fresh-Fish Center of New York City.jpeg [Fallback]
2026-07-26T14:47:49.9318358Z 68/196 visual: multiplier-reel -> FMIB 38921 Water Front of Fulton Fish Market The Wholesale Fresh-Fish Center of New York City.jpeg [Fallback]
2026-07-26T14:47:50.7893128Z 63/196 visual: map-nrw -> FMIB 38921 Water Front of Fulton Fish Market The Wholesale Fresh-Fish Center of New York City.jpeg [Fallback]
2026-07-26T14:47:52.5162539Z 64/196 visual: mauser -> FMIB 38921 Water Front of Fulton Fish Market The Wholesale Fresh-Fish Center of New York City.jpeg [Fallback]
2026-07-26T14:47:54.5295107Z 66/196 visual: mouth-positions -> FMIB 38921 Water Front of Fulton Fish Market The Wholesale Fresh-Fish Center of New York City.jpeg [Fallback]
2026-07-26T14:47:57.5295154Z 69/196 visual: night-oxygen -> FMIB 38921 Water Front of Fulton Fish Market The Wholesale Fresh-Fish Center of New York City.jpeg [Fallback]
2026-07-26T14:47:58.3953954Z 70/196 visual: nutrients -> FMIB 38921 Water Front of Fulton Fish Market The Wholesale Fresh-Fish Center of New York City.jpeg [Fallback]
2026-07-26T14:48:00.1884945Z 71/196 visual: officer -> FMIB 38921 Water Front of Fulton Fish Market The Wholesale Fresh-Fish Center of New York City.jpeg [Fallback]
2026-07-26T14:48:02.4194719Z 72/196 visual: organs -> FMIB 38921 Water Front of Fulton Fish Market The Wholesale Fresh-Fish Center of New York City.jpeg [Fallback]
2026-07-26T14:48:05.0085649Z 73/196 visual: osmoregulation -> FMIB 38921 Water Front of Fulton Fish Market The Wholesale Fresh-Fish Center of New York City.jpeg [Fallback]
2026-07-26T14:48:05.7333237Z 74/196 visual: overstocking -> FMIB 38921 Water Front of Fulton Fish Market The Wholesale Fresh-Fish Center of New York City.jpeg [Fallback]
2026-07-26T14:48:06.5202194Z 78/196 visual: parasite -> FMIB 38921 Water Front of Fulton Fish Market The Wholesale Fresh-Fish Center of New York City.jpeg [Fallback]
2026-07-26T14:48:07.5716908Z 75/196 visual: oxygen-distress -> FMIB 38921 Water Front of Fulton Fish Market The Wholesale Fresh-Fish Center of New York City.jpeg [Fallback]
2026-07-26T14:48:08.3970134Z 80/196 visual: perch-spines -> FMIB 38921 Water Front of Fulton Fish Market The Wholesale Fresh-Fish Center of New York City.jpeg [Fallback]
2026-07-26T14:48:10.1882749Z 76/196 visual: oxygen-needs -> FMIB 38921 Water Front of Fulton Fish Market The Wholesale Fresh-Fish Center of New York City.jpeg [Fallback]
2026-07-26T14:48:12.4013375Z 77/196 visual: packed-gear -> FMIB 38921 Water Front of Fulton Fish Market The Wholesale Fresh-Fish Center of New York City.jpeg [Fallback]
2026-07-26T14:48:13.8517200Z 79/196 visual: perch-rod -> FMIB 38921 Water Front of Fulton Fish Market The Wholesale Fresh-Fish Center of New York City.jpeg [Fallback]
2026-07-26T14:48:15.9338718Z 81/196 visual: permit -> FMIB 38921 Water Front of Fulton Fish Market The Wholesale Fresh-Fish Center of New York City.jpeg [Fallback]
2026-07-26T14:48:17.5612658Z 82/196 visual: pharyngeal-teeth -> FMIB 38921 Water Front of Fulton Fish Market The Wholesale Fresh-Fish Center of New York City.jpeg [Fallback]
2026-07-26T14:48:20.1799639Z 83/196 visual: photosynthesis -> FMIB 38921 Water Front of Fulton Fish Market The Wholesale Fresh-Fish Center of New York City.jpeg [Fallback]
2026-07-26T14:48:21.1539747Z 84/196 visual: pilker -> FMIB 38921 Water Front of Fulton Fish Market The Wholesale Fresh-Fish Center of New York City.jpeg [Fallback]
2026-07-26T14:48:23.3817453Z 85/196 visual: plant-spawn -> FMIB 38921 Water Front of Fulton Fish Market The Wholesale Fresh-Fish Center of New York City.jpeg [Fallback]
2026-07-26T14:48:24.7864615Z 88/196 visual: prohibited-methods -> Illegal fishing scenario tests maritime operations during Cutlass Express 2013 131114-F-XA056-109.jpg
2026-07-26T14:48:25.0152220Z 86/196 visual: plant-zones -> FMIB 38921 Water Front of Fulton Fish Market The Wholesale Fresh-Fish Center of New York City.jpeg [Fallback]
2026-07-26T14:48:27.8465007Z 87/196 visual: pollution -> FMIB 38921 Water Front of Fulton Fish Market The Wholesale Fresh-Fish Center of New York City.jpeg [Fallback]
2026-07-26T14:48:28.8414813Z 92/196 visual: reel-types -> FMIB 38921 Water Front of Fulton Fish Market The Wholesale Fresh-Fish Center of New York City.jpeg [Fallback]
2026-07-26T14:48:31.1224786Z 89/196 visual: protected-insect -> FMIB 38921 Water Front of Fulton Fish Market The Wholesale Fresh-Fish Center of New York City.jpeg [Fallback]
2026-07-26T14:48:32.4504518Z 90/196 visual: red-list -> FMIB 38921 Water Front of Fulton Fish Market The Wholesale Fresh-Fish Center of New York City.jpeg [Fallback]
2026-07-26T14:48:32.6136872Z 91/196 visual: reed-zone -> FMIB 38921 Water Front of Fulton Fish Market The Wholesale Fresh-Fish Center of New York City.jpeg [Fallback]
2026-07-26T14:48:35.2647538Z 95/196 visual: river-zones -> TROUT STREAM NEAR NORTH BRANCH OF THE MOOSE RIVER - NARA - 554407.jpg
2026-07-26T14:48:36.3321828Z 93/196 visual: reptile -> FMIB 38921 Water Front of Fulton Fish Market The Wholesale Fresh-Fish Center of New York City.jpeg [Fallback]
2026-07-26T14:48:37.2002360Z 98/196 visual: rod-rings -> FMIB 38921 Water Front of Fulton Fish Market The Wholesale Fresh-Fish Center of New York City.jpeg [Fallback]
2026-07-26T14:48:38.7361086Z 94/196 visual: reservoir-level -> FMIB 38921 Water Front of Fulton Fish Market The Wholesale Fresh-Fish Center of New York City.jpeg [Fallback]
2026-07-26T14:48:39.5104553Z 100/196 visual: running-lead -> FMIB 38921 Water Front of Fulton Fish Market The Wholesale Fresh-Fish Center of New York City.jpeg [Fallback]
2026-07-26T14:48:40.1706594Z 96/196 visual: rod-grips -> FMIB 38921 Water Front of Fulton Fish Market The Wholesale Fresh-Fish Center of New York City.jpeg [Fallback]
2026-07-26T14:48:40.4301452Z 101/196 visual: scale-age -> FMIB 38921 Water Front of Fulton Fish Market The Wholesale Fresh-Fish Center of New York City.jpeg [Fallback]
2026-07-26T14:48:40.7690449Z 102/196 visual: shallow-zone -> Aquatic plants of Illinois; an illustrated manual including species submersed, floating, and some of shallow water and muddy shores (1966) (19560864269).jpg
2026-07-26T14:48:42.8185479Z 97/196 visual: rod-parts -> FMIB 38921 Water Front of Fulton Fish Market The Wholesale Fresh-Fish Center of New York City.jpeg [Fallback]
2026-07-26T14:48:44.7661918Z 99/196 visual: rules-layer -> FMIB 38921 Water Front of Fulton Fish Market The Wholesale Fresh-Fish Center of New York City.jpeg [Fallback]
2026-07-26T14:48:47.9770729Z 103/196 visual: small-waters -> FMIB 38921 Water Front of Fulton Fish Market The Wholesale Fresh-Fish Center of New York City.jpeg [Fallback]
2026-07-26T14:48:48.4955258Z 104/196 visual: spawn-calendar -> FMIB 38921 Water Front of Fulton Fish Market The Wholesale Fresh-Fish Center of New York City.jpeg [Fallback]
2026-07-26T14:48:50.8341759Z 105/196 visual: spawn-eggs -> FMIB 38921 Water Front of Fulton Fish Market The Wholesale Fresh-Fish Center of New York City.jpeg [Fallback]
2026-07-26T14:48:52.2879981Z 106/196 visual: spinner -> FMIB 38921 Water Front of Fulton Fish Market The Wholesale Fresh-Fish Center of New York City.jpeg [Fallback]
2026-07-26T14:48:55.3534461Z 107/196 visual: spinner-spoon -> FMIB 38921 Water Front of Fulton Fish Market The Wholesale Fresh-Fish Center of New York City.jpeg [Fallback]
2026-07-26T14:48:55.9625241Z 108/196 visual: stationary-reel -> FMIB 38921 Water Front of Fulton Fish Market The Wholesale Fresh-Fish Center of New York City.jpeg [Fallback]
2026-07-26T14:48:58.2877612Z 109/196 visual: steel-leader -> FMIB 38921 Water Front of Fulton Fish Market The Wholesale Fresh-Fish Center of New York City.jpeg [Fallback]
2026-07-26T14:48:59.8503273Z 110/196 visual: stickleback -> FMIB 38921 Water Front of Fulton Fish Market The Wholesale Fresh-Fish Center of New York City.jpeg [Fallback]
2026-07-26T14:49:02.8663470Z 111/196 visual: stocking -> FMIB 38921 Water Front of Fulton Fish Market The Wholesale Fresh-Fish Center of New York City.jpeg [Fallback]
2026-07-26T14:49:03.6642087Z 112/196 visual: stream-bed -> FMIB 38921 Water Front of Fulton Fish Market The Wholesale Fresh-Fish Center of New York City.jpeg [Fallback]
2026-07-26T14:49:03.6724204Z 115/196 visual: temperature-oxygen -> FMIB 38921 Water Front of Fulton Fish Market The Wholesale Fresh-Fish Center of New York City.jpeg [Fallback]
2026-07-26T14:49:05.5861216Z 113/196 visual: swim-bladder -> FMIB 38921 Water Front of Fulton Fish Market The Wholesale Fresh-Fish Center of New York City.jpeg [Fallback]
2026-07-26T14:49:06.4003671Z 117/196 visual: trout-eggs -> FMIB 37625 Interior of a lake-trout hatchery showing manipulation of eggs.jpeg
2026-07-26T14:49:07.2304174Z 114/196 visual: swivel -> FMIB 38921 Water Front of Fulton Fish Market The Wholesale Fresh-Fish Center of New York City.jpeg [Fallback]
2026-07-26T14:49:11.4130675Z 116/196 visual: tench -> FMIB 38921 Water Front of Fulton Fish Market The Wholesale Fresh-Fish Center of New York City.jpeg [Fallback]
2026-07-26T14:49:13.4350585Z 118/196 visual: water-lily -> FMIB 38921 Water Front of Fulton Fish Market The Wholesale Fresh-Fish Center of New York City.jpeg [Fallback]
2026-07-26T14:49:13.8449175Z 119/196 visual: water-oxygen -> FMIB 38921 Water Front of Fulton Fish Market The Wholesale Fresh-Fish Center of New York City.jpeg [Fallback]
2026-07-26T14:49:15.1960697Z 120/196 visual: wels -> FMIB 38921 Water Front of Fulton Fish Market The Wholesale Fresh-Fish Center of New York City.jpeg [Fallback]
2026-07-26T14:49:18.7816704Z 121/196 visual: wet-hands -> FMIB 38921 Water Front of Fulton Fish Market The Wholesale Fresh-Fish Center of New York City.jpeg [Fallback]
2026-07-26T14:49:19.5505001Z 125/196 visual: zander-spawn -> FMIB 38921 Water Front of Fulton Fish Market The Wholesale Fresh-Fish Center of New York City.jpeg [Fallback]
2026-07-26T14:49:21.1214453Z 122/196 visual: winter-spawn -> FMIB 38921 Water Front of Fulton Fish Market The Wholesale Fresh-Fish Center of New York City.jpeg [Fallback]
2026-07-26T14:49:21.4145535Z 123/196 visual: wobbler -> FMIB 38921 Water Front of Fulton Fish Market The Wholesale Fresh-Fish Center of New York City.jpeg [Fallback]
2026-07-26T14:49:21.9986726Z 128/196 species: Lachs -> Salmo salar.jpg
2026-07-26T14:49:22.7855337Z 124/196 visual: yolk-sac -> FMIB 38921 Water Front of Fulton Fish Market The Wholesale Fresh-Fish Center of New York City.jpeg [Fallback]
2026-07-26T14:49:28.5526968Z 127/196 species: Meerforelle -> Wst meerforelle stoer 001.jpg [Fallback]
2026-07-26T14:49:37.2336993Z file:///home/runner/work/mrplaymeon-png.github.io/mrplaymeon-png.github.io/tools/build-v7-real-images.mjs:183
2026-07-26T14:49:37.2338513Z   throw new Error(`${task.kind}/${task.key}: kein Foto gefunden (${lastError?.message || 'ohne Treffer'})`);
2026-07-26T14:49:37.2339730Z         ^
2026-07-26T14:49:37.2340209Z 
2026-07-26T14:49:37.2342742Z Error: species/Bachsaibling: kein Foto gefunden (429 Your bot is making too many requests. Please reduce your request rate or contact bot-traffic@wikimedia.org (f263c81))
2026-07-26T14:49:37.2345022Z     at resolvePhoto (file:///home/runner/work/mrplaymeon-png.github.io/mrplaymeon-png.github.io/tools/build-v7-real-images.mjs:183:9)
2026-07-26T14:49:37.2347260Z     at async file:///home/runner/work/mrplaymeon-png.github.io/mrplaymeon-png.github.io/tools/build-v7-real-images.mjs:254:17
2026-07-26T14:49:37.2348602Z     at async run (file:///home/runner/work/mrplaymeon-png.github.io/mrplaymeon-png.github.io/tools/build-v7-real-images.mjs:244:24)
2026-07-26T14:49:37.2349816Z     at async Promise.all (index 0)
2026-07-26T14:49:37.2350718Z     at async mapLimit (file:///home/runner/work/mrplaymeon-png.github.io/mrplaymeon-png.github.io/tools/build-v7-real-images.mjs:248:3)
2026-07-26T14:49:37.2351817Z     at async file:///home/runner/work/mrplaymeon-png.github.io/mrplaymeon-png.github.io/tools/build-v7-real-images.mjs:253:18
2026-07-26T14:49:37.2352470Z 
2026-07-26T14:49:37.2352895Z Node.js v20.20.2
2026-07-26T14:49:37.2396717Z ##[error]Process completed with exit code 1.
2026-07-26T14:49:37.2601904Z Node 20 is being deprecated. This workflow is running with Node 24 by default. If you need to temporarily use Node 20, you can set the ACTIONS_ALLOW_USE_UNSECURE_NODE_VERSION=true environment variable. For more information see: https://github.blog/changelog/2025-09-19-deprecation-of-node-20-on-github-actions-runners/
2026-07-26T14:49:37.2603170Z Post job cleanup.
2026-07-26T14:49:37.3484061Z [command]/usr/bin/git version
2026-07-26T14:49:37.3526696Z git version 2.54.0
2026-07-26T14:49:37.3599031Z Temporarily overriding HOME='/home/runner/work/_temp/1d7c92fd-04a3-4867-b840-bddfc66026a6' before making global git config changes
2026-07-26T14:49:37.3600547Z Adding repository directory to the temporary git global config as a safe directory
2026-07-26T14:49:37.3604939Z [command]/usr/bin/git config --global --add safe.directory /home/runner/work/mrplaymeon-png.github.io/mrplaymeon-png.github.io
2026-07-26T14:49:37.3668756Z [command]/usr/bin/git config --local --name-only --get-regexp core\.sshCommand
2026-07-26T14:49:37.3690583Z [command]/usr/bin/git submodule foreach --recursive sh -c "git config --local --name-only --get-regexp 'core\.sshCommand' && git config --local --unset-all 'core.sshCommand' || :"
2026-07-26T14:49:37.3940476Z [command]/usr/bin/git config --local --name-only --get-regexp http\.https\:\/\/github\.com\/\.extraheader
2026-07-26T14:49:37.3988609Z http.https://github.com/.extraheader
2026-07-26T14:49:37.3990665Z [command]/usr/bin/git config --local --unset-all http.https://github.com/.extraheader
2026-07-26T14:49:37.4020003Z [command]/usr/bin/git submodule foreach --recursive sh -c "git config --local --name-only --get-regexp 'http\.https\:\/\/github\.com\/\.extraheader' && git config --local --unset-all 'http.https://github.com/.extraheader' || :"
2026-07-26T14:49:37.4279469Z [command]/usr/bin/git config --local --name-only --get-regexp ^includeIf\.gitdir:
2026-07-26T14:49:37.4322407Z [command]/usr/bin/git submodule foreach --recursive git config --local --show-origin --name-only --get-regexp remote.origin.url
2026-07-26T14:49:37.4738507Z Cleaning up orphan processes
2026-07-26T14:49:37.5061071Z ##[warning]Node.js 20 is deprecated. The following actions target Node.js 20 but are being forced to run on Node.js 24: actions/checkout@v4, actions/setup-node@v4. For more information see: https://github.blog/changelog/2025-09-19-deprecation-of-node-20-on-github-actions-runners/
